[backblue.gif]
[fade.gif]
[index.html]
[homeeat.herokuapp.com/assets/images/favicon.png]
[use.fontawesome.com/releases/v5.4.1/css/all.css]
[cdnjs.cloudflare.com/ajax/libs/font-awesome/4.7.0/css/font-awesome.min.css]
[homeeat.herokuapp.com/assets/js/jquery.min.js]
[homeeat.herokuapp.com/assets/js/bootstrap.min.js]
[homeeat.herokuapp.com/assets/js/plugins.js]
[homeeat.herokuapp.com/assets/js/google-map-int.js]
[homeeat.herokuapp.com/assets/js/main.js]
[code.jquery.com/jquery-3.4.1.min.js]
[ajax.googleapis.com/ajax/libs/angularjs/1.4.8/angular.min.js]
[homeeat.herokuapp.com/assets/images/topbg.jpg]
[cdnjs.cloudflare.com/ajax/libs/materialize/1.0.0/js/materialize.min.js]
[homeeat.herokuapp.com/assets/images/resource/fact-icon1.png]
[homeeat.herokuapp.com/assets/images/resource/fact-icon2.png]
[homeeat.herokuapp.com/assets/images/resource/fact-icon3.png]
[homeeat.herokuapp.com/assets/images/resource/fact-icon4.png]
[homeeat.herokuapp.com/assets/images/resource/restaurant-mockup1.png]
[homeeat.herokuapp.com/assets/images/resource/clouds.png]
[homeeat.herokuapp.com/assets/images/resource/top-restaurant1.png]
[homeeat.herokuapp.com/restaurants.json]
[homeeat.herokuapp.com/assets/images/resource/top-restaurant2.png]
[homeeat.herokuapp.com/assets/images/parallax1.jpg]
[homeeat.herokuapp.com/assets/images/resource/setp-img1.png]
[homeeat.herokuapp.com/assets/images/resource/setp-img2.png]
[homeeat.herokuapp.com/assets/images/resource/setp-img3.png]
[homeeat.herokuapp.com/assets/images/pattern.png]
[homeeat.herokuapp.com/assets/images/resource/most-popular-img1-1.png]
[homeeat.herokuapp.com/index.html]
[homeeat.herokuapp.com/assets/images/ajax-loader.gif]
[homeeat.herokuapp.com/contactUs.html]
[homeeat.herokuapp.com/assets/images/logo.png]
[cdn.jsdelivr.net/npm/mediaelement@4.2.7/build/mediaelementplayer.min.css]
[homeeat.herokuapp.com/images/hassan.jpg]
[homeeat.herokuapp.com/images/maham.jpg]
[homeeat.herokuapp.com/images/rabiya.jpg]
[homeeat.herokuapp.com/js/jquery-3.3.1.min.js]
[homeeat.herokuapp.com/js/jquery-migrate-3.0.1.min.js]
[homeeat.herokuapp.com/js/jquery-ui.js]
[homeeat.herokuapp.com/js/popper.min.js]
[homeeat.herokuapp.com/js/bootstrap.min.js]
[homeeat.herokuapp.com/js/owl.carousel.min.js]
[homeeat.herokuapp.com/js/jquery.stellar.min.js]
[homeeat.herokuapp.com/js/jquery.countdown.min.js]
[homeeat.herokuapp.com/js/jquery.magnific-popup.min.js]
[homeeat.herokuapp.com/js/bootstrap-datepicker.min.js]
[homeeat.herokuapp.com/js/aos.js]
[homeeat.herokuapp.com/aboutUs.html]
[homeeat.herokuapp.com/js/main.js]
[homeeat.herokuapp.com/assets/images/resource/resto-service1.jpg]
[homeeat.herokuapp.com/assets/images/icon1.png]
[homeeat.herokuapp.com/assets/images/resource/resto-service2.jpg]
[homeeat.herokuapp.com/assets/images/icon2.png]
[homeeat.herokuapp.com/assets/images/resource/resto-service3.jpg]
[homeeat.herokuapp.com/ourServices.html]
[homeeat.herokuapp.com/assets/images/icon3.png]
[homeeat.herokuapp.com/Login.html]
[fonts.googleapis.com/css78f0.css]
[homeeat.herokuapp.com/signup.html]
[homeeat.herokuapp.com/5e1c3dabe1f8d30017d5eabc.html]
[homeeat.herokuapp.com/assets/js/bootstrap.min.js]
[homeeat.herokuapp.com/assets/js/jquery.min.js]
[homeeat.herokuapp.com/assets/js/plugins.js]
[homeeat.herokuapp.com/assets/js/google-map-int.js]
[homeeat.herokuapp.com/assets/fonts/Flaticon.eot]
[homeeat.herokuapp.com/assets/js/main.js]
[homeeat.herokuapp.com/assets/images/topbg.jpg]
[cdnjs.cloudflare.com/ajax/libs/materialize/1.0.0/js/materialize.min.js]
[homeeat.herokuapp.com/assets/images/resource/fact-icon1.png]
[homeeat.herokuapp.com/assets/fonts/Flaticond41dd41d.eot]
[homeeat.herokuapp.com/assets/images/resource/fact-icon2.png]
[homeeat.herokuapp.com/assets/images/resource/fact-icon3.png]
[homeeat.herokuapp.com/assets/fonts/Flaticon.woff]
[homeeat.herokuapp.com/assets/images/resource/fact-icon4.png]
[homeeat.herokuapp.com/assets/fonts/Flaticon.ttf]
[homeeat.herokuapp.com/assets/images/resource/restaurant-mockup1.png]
[homeeat.herokuapp.com/assets/images/resource/clouds.png]
[homeeat.herokuapp.com/assets/images/resource/top-restaurant1.png]
[homeeat.herokuapp.com/restaurants.json]
[homeeat.herokuapp.com/assets/images/resource/top-restaurant2.png]
[homeeat.herokuapp.com/assets/images/parallax1.jpg]
[homeeat.herokuapp.com/assets/images/resource/setp-img1.png]
[homeeat.herokuapp.com/assets/images/resource/setp-img2.png]
[homeeat.herokuapp.com/assets/images/resource/setp-img3.png]
[homeeat.herokuapp.com/assets/images/pattern.png]
[homeeat.herokuapp.com/assets/images/resource/most-popular-img1-1.png]
[homeeat.herokuapp.com/assets/images/ajax-loader.gif]
[homeeat.herokuapp.com/assets/images/logo.png]
[homeeat.herokuapp.com/images/hassan.jpg]
[homeeat.herokuapp.com/images/maham.jpg]
[homeeat.herokuapp.com/js/jquery-3.3.1.min.js]
[homeeat.herokuapp.com/images/rabiya.jpg]
[homeeat.herokuapp.com/js/jquery-migrate-3.0.1.min.js]
[homeeat.herokuapp.com/assets/fonts/fontawesome-webfont3e6e3e6e.eot]
[homeeat.herokuapp.com/js/jquery-ui.js]
[homeeat.herokuapp.com/js/popper.min.js]
[homeeat.herokuapp.com/js/bootstrap.min.js]
[homeeat.herokuapp.com/js/owl.carousel.min.js]
[homeeat.herokuapp.com/js/jquery.stellar.min.js]
[homeeat.herokuapp.com/assets/fonts/fontawesome-webfontd41dd41d.eot]
[homeeat.herokuapp.com/js/jquery.countdown.min.js]
[homeeat.herokuapp.com/js/jquery.magnific-popup.min.js]
[homeeat.herokuapp.com/js/bootstrap-datepicker.min.js]
[homeeat.herokuapp.com/assets/fonts/fontawesome-webfont3e6e3e6e.woff2]
[homeeat.herokuapp.com/js/aos.js]
[homeeat.herokuapp.com/assets/fonts/fontawesome-webfont3e6e3e6e.woff]
[homeeat.herokuapp.com/assets/fonts/fontawesome-webfont3e6e3e6e.ttf]
[homeeat.herokuapp.com/js/main.js]
[homeeat.herokuapp.com/assets/css/icons.min.css]
[homeeat.herokuapp.com/assets/images/resource/resto-service1.jpg]
[homeeat.herokuapp.com/assets/images/icon1.png]
[homeeat.herokuapp.com/assets/images/resource/resto-service2.jpg]
[homeeat.herokuapp.com/assets/images/icon2.png]
[homeeat.herokuapp.com/assets/images/resource/resto-service3.jpg]
[homeeat.herokuapp.com/assets/images/icon3.png]
[homeeat.herokuapp.com/assets/fonts/Flaticond41dd41d.eot]
[homeeat.herokuapp.com/assets/fonts/Flaticon.woff]
[homeeat.herokuapp.com/assets/fonts/fontawesome-webfont3e6e3e6e.eot]
[homeeat.herokuapp.com/assets/fonts/fontawesome-webfontd41dd41d.eot]
[homeeat.herokuapp.com/assets/fonts/fontawesome-webfont3e6e3e6e.woff2]
[homeeat.herokuapp.com/assets/fonts/fontawesome-webfont3e6e3e6e.woff]
[homeeat.herokuapp.com/assets/css/bootstrap.min.css]
[homeeat.herokuapp.com/assets/css/animate.min.css]
[homeeat.herokuapp.com/assets/fonts/fontawesome-webfont3e6e3e6e.ttf]
[homeeat.herokuapp.com/assets/images/menu-strip.png]
[homeeat.herokuapp.com/assets/images/locat-bg.png]
[homeeat.herokuapp.com/assets/images/error-bg2.png]
[homeeat.herokuapp.com/assets/css/main.css]
[homeeat.herokuapp.com/assets/images/error-bg.png]
[homeeat.herokuapp.com/assets/css/red-color.css]
[homeeat.herokuapp.com/assets/css/yellow-color.css]
[homeeat.herokuapp.com/assets/css/responsive.css]
[homeeat.herokuapp.com/assets/images/menu-strip.png]
[homeeat.herokuapp.com/assets/images/error-bg2.png]
[use.fontawesome.com/releases/v5.4.1/webfonts/fa-brands-400.svg]
[use.fontawesome.com/releases/v5.4.1/webfonts/fa-regular-400.svg]
[use.fontawesome.com/releases/v5.4.1/css/all.css]
[use.fontawesome.com/releases/v5.4.1/webfonts/fa-solid-900.svg]
[cdnjs.cloudflare.com/ajax/libs/font-awesome/4.7.0/css/font-awesome.min.css]
[homeeat.herokuapp.com/www.google.com/recaptcha/api.html]
[homeeat.herokuapp.com/contactUs.html]
[cdnjs.cloudflare.com/ajax/libs/font-awesome/4.7.0/fonts/fontawesome-webfont3e6e.svg]
[homeeat.herokuapp.com/fonts/icomoon/style.html]
[homeeat.herokuapp.com/css/bootstrap.min.css]
[homeeat.herokuapp.com/css/magnific-popup.css]
[homeeat.herokuapp.com/css/jquery-ui.css]
[homeeat.herokuapp.com/css/owl.carousel.min.css]
[homeeat.herokuapp.com/css/owl.theme.default.min.css]
[homeeat.herokuapp.com/css/bootstrap-datepicker.css]
[homeeat.herokuapp.com/fonts/flaticon/font/flaticon.html]
[cdn.jsdelivr.net/npm/mediaelement@4.2.7/build/mejs-controls.svg]
[cdn.jsdelivr.net/npm/mediaelement@4.2.7/build/mediaelementplayer.min.css]
[homeeat.herokuapp.com/css/aos.css]
[homeeat.herokuapp.com/css/style.css]
[homeeat.herokuapp.com/signup.html]
[homeeat.herokuapp.com/assets/fonts/Flaticon.svg]
[homeeat.herokuapp.com/assets/css/Flaticon.html]
[homeeat.herokuapp.com/assets/fonts/fontawesome-webfont3e6e3e6e.svg]
[homeeat.herokuapp.com/assets/fonts/glyphicons-halflings-regular.html]
[homeeat.herokuapp.com/assets/fonts/glyphicons-halflings-regulard41dd41d.html]
[homeeat.herokuapp.com/assets/fonts/glyphicons-halflings-regular-2.html]
[homeeat.herokuapp.com/assets/fonts/glyphicons-halflings-regular-3.html]
[homeeat.herokuapp.com/assets/fonts/glyphicons-halflings-regular-4.html]
[homeeat.herokuapp.com/assets/fonts/glyphicons-halflings-regular-5.html]
[homeeat.herokuapp.com/assets/css/plugins.css]
[use.fontawesome.com/releases/v5.4.1/webfonts/fa-brands-400.svg]
[use.fontawesome.com/releases/v5.4.1/webfonts/fa-regular-400.svg]
[use.fontawesome.com/releases/v5.4.1/webfonts/fa-solid-900.svg]
[cdnjs.cloudflare.com/ajax/libs/font-awesome/4.7.0/fonts/fontawesome-webfont3e6e.svg]
[homeeat.herokuapp.com/css/images/ui-bg_gloss-wave_55_5c9ccc_500x100.html]
[homeeat.herokuapp.com/css/images/ui-bg_glass_85_dfeffc_1x400.html]
[homeeat.herokuapp.com/css/images/ui-bg_glass_75_d0e5f5_1x400.html]
[homeeat.herokuapp.com/css/images/ui-bg_inset-hard_100_f5f8f9_1x100.html]
[homeeat.herokuapp.com/css/images/ui-bg_glass_95_fef1ec_1x400.html]
[homeeat.herokuapp.com/css/images/ui-icons_469bdd_256x240.html]
[homeeat.herokuapp.com/css/images/ui-icons_d8e7f3_256x240.html]
[homeeat.herokuapp.com/css/images/ui-icons_6da8d5_256x240.html]
[homeeat.herokuapp.com/css/images/ui-icons_217bc0_256x240.html]
[homeeat.herokuapp.com/css/images/ui-icons_f9bd01_256x240.html]
[homeeat.herokuapp.com/css/images/ui-icons_2e83ff_256x240.html]
[homeeat.herokuapp.com/css/images/ui-icons_cd0a0a_256x240.html]
[homeeat.herokuapp.com/css/owl.video.play.html]
[cdn.jsdelivr.net/npm/mediaelement@4.2.7/build/mejs-controls.svg]
[homeeat.herokuapp.com/assets/css/chosen-sprite.html]
[homeeat.herokuapp.com/assets/css/chosen-sprite@2x.html]
[homeeat.herokuapp.com/assets/css/owl.video.play.html]
[homeeat.herokuapp.com/5e1c3dabe1f8d30017d5eabc.html]
